// Jest Snapshot v1, https://goo.gl/fbAQLP

exports[`Pruebas en <Navlink /> Render Navlink y match con el snapshot 1`] = `
<div>
  <a
    class="className"
    href="/undefined"
  >
    proof
  </a>
  <a
    class=""
    href="/undefined"
  >
    <img
      class="className"
      src="img"
    />
  </a>
</div>
`;
