// Jest Snapshot v1, https://goo.gl/fbAQLP

exports[`Pruebas en <MusicRoutes/> Debe hacer match con el snapshot 1`] = `
<div>
  <section
    class="header"
  >
    <article
      class="header__left"
    >
      <img
        alt="My music App"
        class="header__imghome"
        src="Mymusicapp.png"
      />
      <a
        class="header__home"
        href="/"
      >
        Inicio
      </a>
      <a
        class="header__favorite"
        href="/favorites"
      >
        Favoritos
      </a>
    </article>
    <form
      class="header__right"
    >
      <label
        class="header__name"
        data-testid="label"
      />
      <button
        class="btn btn__black"
        data-testid="button"
      >
        <svg
          class="feather feather-log-out"
          fill="none"
          height="24"
          stroke="currentColor"
          stroke-linecap="round"
          stroke-linejoin="round"
          stroke-width="2"
          viewBox="0 0 24 24"
          width="24"
          xmlns="http://www.w3.org/2000/svg"
        >
          <path
            d="M9 21H5a2 2 0 0 1-2-2V5a2 2 0 0 1 2-2h4"
          />
          <polyline
            points="16 17 21 12 16 7"
          />
          <line
            x1="21"
            x2="9"
            y1="12"
            y2="12"
          />
        </svg>
      </button>
    </form>
  </section>
  <div
    class="container"
  >
    <section
      class="bodyTemplate"
    >
      <h2
        class="bodyTemplate__title"
      >
        Lista reproducci√≥n
      </h2>
      <article
        class="bodyTemplate__songs"
      />
      <div
        id="snackbar"
      />
    </section>
    <section
      class="bodyTemplate__footer"
    >
      <section
        class="footer"
        data-testid="footer"
      >
        <article
          class="footer__soundbar"
        />
        <article>
          <div
            class="footer__player"
            style="width: 640px; height: 360px;"
          />
          <button
            class="btn btn__black"
            data-testid="button"
          >
            <svg
              class=""
              height="16"
              role="img"
              viewBox="0 0 16 16"
              width="16"
            >
              <path
                d="M13 2.5L5 7.119V3H3v10h2V8.881l8 4.619z"
                fill="currentColor"
              />
            </svg>
          </button>
          <button
            class="btn btn__black"
            data-testid="button"
          >
            <svg
              class="bi bi-play"
              fill="currentColor"
              height="16"
              viewBox="0 0 16 16"
              width="16"
              xmlns="http://www.w3.org/2000/svg"
            >
               
              <path
                d="M10.804 8 5 4.633v6.734L10.804 8zm.792-.696a.802.802 0 0 1 0 1.392l-6.363 3.692C4.713 12.69 4 12.345 4 11.692V4.308c0-.653.713-.998 1.233-.696l6.363 3.692z"
              />
               
            </svg>
          </button>
          <button
            class="btn btn__black"
            data-testid="button"
          >
            <svg
              class=""
              height="16"
              role="img"
              viewBox="0 0 16 16"
              width="16"
            >
              <path
                d="M11 3v4.119L3 2.5v11l8-4.619V13h2V3z"
                fill="currentColor"
              />
            </svg>
          </button>
        </article>
      </section>
    </section>
  </div>
</div>
`;
