// Jest Snapshot v1, https://goo.gl/fbAQLP

exports[`Pruebas en <SongList/> Debe hacer match con el snapshot 1`] = `
<div>
  <section
    class="songList"
    data-testid="songList"
  >
    <article
      class="songList__img"
    >
      <img
        alt="album"
        class="img"
      />
    </article>
    <article
      class="songList__infoSection"
    >
      <p
        class="songList__info"
      >
        <label
          class="songList__name"
          data-testid="label"
        />
        <label
          class="songList__singer"
          data-testid="label"
        />
      </p>
      <input
        data-testid="heart-input"
        type="checkbox"
      />
      <label
        data-testid="label"
      >
        <svg
          viewBox="0 0 24 24"
          xmlns="http://www.w3.org/2000/svg"
        >
          <path
            d="M12 21.35l-1.45-1.32c-5.15-4.67-8.55-7.75-8.55-11.53 0-3.08 2.42-5.5 5.5-5.5 1.74 0 3.41.81 4.5 2.09 1.09-1.28 2.76-2.09 4.5-2.09 3.08 0 5.5 2.42 5.5 5.5 0 3.78-3.4 6.86-8.55 11.54l-1.45 1.31z"
          />
        </svg>
      </label>
    </article>
  </section>
</div>
`;
