// Jest Snapshot v1, https://goo.gl/fbAQLP

exports[`Pruebas en <Input /> Render Input y match con el snapshot 1`] = `
<div>
  <input
    data-testid="heart-input"
    id="proof"
  />
</div>
`;
