// Jest Snapshot v1, https://goo.gl/fbAQLP

exports[`Pruebas en <Alert/> Render Alert y match con el snapshot 1`] = `
<div>
  <div
    id="snackbar"
  >
    proof
  </div>
</div>
`;
